// Jest Snapshot v1, https://goo.gl/fbAQLP

exports[`App component renders snapshot 1`] = `
<AllCharacters
  page={1}
/>
`;
